<html>
<body>
<pre>
<h1>µVision Build Log</h1>
<h2>Project:</h2>
C:\Users\kandikonda\Documents\Lab10\lab10-starter\SpaceInvaders.uvproj
Project File Date:  11/24/2016

<h2>Output:</h2>
Rebuild target 'SpaceInvaders'
assembling startup.s...
assembling random.s...
compiling DAC.c...
compiling ADC.c...
compiling Timer0.c...
compiling Timer1.c...
compiling Sound.c...
assembling LCD.s...
assembling Print.s...
compiling SpaceInvaders.c...
SpaceInvaders.c(2693): warning:  #223-D: function "CheckUp" declared implicitly
                 int checku = CheckUp();
SpaceInvaders.c(2694): warning:  #223-D: function "CheckDown" declared implicitly
                 int checkd = CheckDown();
SpaceInvaders.c: 2 warnings, 0 errors
compiling ST7735.c...
linking...
Program Size: Code=6872 RO-data=116108 RW-data=268 ZI-data=1188  
".\SpaceInvaders.axf" - 0 Error(s), 2 Warning(s).
</pre>
</body>
</html>
a\\Documents\\Lab10\\lab10-starter\\SpaceInvaders.axf" 
Connecting: Mode=JTAG, Speed=1000000Hz
Erase Done.
Programming Done.
Verify OK.
6576 RO-data=109632 RW-data=256 ZI-data=1192  
".\SpaceInvaders.axf" - 0 Error(s), 4 Warning(s).
e=6576 RO-data=109632 RW-data=256 ZI-data=1192  
".\SpaceInvaders.axf" - 0 Error(s), 5 Warning(s).
