<html>
<body>
<pre>
<h1>µVision Build Log</h1>
<h2>Project:</h2>
C:\Users\kandikonda\Documents\Lab10\lab10-starter\SpaceInvaders.uvproj
Project File Date:  11/24/2016

<h2>Output:</h2>
Rebuild target 'SpaceInvaders'
assembling startup.s...
assembling random.s...
compiling DAC.c...
compiling ADC.c...
compiling Timer0.c...
compiling Timer1.c...
compiling Sound.c...
assembling LCD.s...
assembling Print.s...
compiling SpaceInvaders.c...
SpaceInvaders.c(2752): warning:  #223-D: function "CheckUp" declared implicitly
                 int checku = CheckUp();
SpaceInvaders.c: 1 warning, 0 errors
compiling ST7735.c...
linking...
Program Size: Code=7028 RO-data=117384 RW-data=28236 ZI-data=1188  
".\SpaceInvaders.axf" - 0 Error(s), 1 Warning(s).
</pre>
</body>
</html>
a\\Documents\\Lab10\\lab10-starter\\SpaceInvaders.axf" 
Connecting: Mode=JTAG, Speed=1000000Hz
Erase Done.
Programming Done.
Verify OK.
\Lab10\\lab10-starter\\SpaceInvaders.axf" 
Connecting: Mode=JTAG, Speed=1000000Hz
Erase Done.
Programming Done.
Verify OK.
