<html>
<body>
<pre>
<h1>µVision Build Log</h1>
<h2>Project:</h2>
C:\Users\kandikonda\Documents\Lab10\Frogger\Frogger.uvproj
Project File Date:  11/23/2016

<h2>Output:</h2>
Rebuild target 'Target 1'
compiling ADC.c...
compiling DAC.c...
compiling Sound.c...
compiling ST7735.c...
compiling Timer0.c...
compiling Timer1.c...
compiling Froggermain.c...
assembling LCD.s...
assembling Print.s...
assembling random.s...
assembling startup.s...
linking...
Program Size: Code=6676 RO-data=2292 RW-data=104 ZI-data=1192  
".\Frogger.axf" - 0 Error(s), 0 Warning(s).

Target not created
rtup.s...
".\Frogger.axf" - 2 Error(s), 0 Warning(s).
Target not created
rtup.s...
".\Frogger.axf" - 3 Error(s), 0 Warning(s).
Target not created
